# vim: ft=sh ts=2 sw=2 expandtab

# Very Specific File excludes
$HOME/bee_mem_card-2020-1217.tar.gz

# Exclude these directories in ANY sub path
**/.yardoc/**
**/cache/**
**/.zig-cache/**

#
# Linux / Posix
#
$HOME/.bundle/**
$HOME/.bundle/cache/**
$HOME/.cache/**
$HOME/.cargo/git/**
$HOME/.chef/syntaxcache/**
$HOME/.config/chezmoi/chezmoistate.boltdb
$HOME/.config/google-chrome-backup-crashrecovery-*/**
$HOME/.config/google-chrome/AutofillStates/**
$HOME/.config/google-chrome/Default/**
$HOME/.config/Slack/Cache/**
$HOME/.config/Slack/Service Worker/**
$HOME/.docker/*.sqlite3*
$HOME/.docker/contexts/**
$HOME/.docker/instance*/**
$HOME/.docker/metrics/**
$HOME/.docker/QuitReports/**
$HOME/.docker/sbom/**
$HOME/.docker/scout/**
$HOME/.dropbox/**
$HOME/.duply/**
$HOME/.gnupg/.#lk0x*.*
$HOME/.gnupg/random_seed
$HOME/.kube/cache/**
$HOME/.kube/http-cache/**
$HOME/.local/share/claude/versions/**
$HOME/.local/share/flatpak/**
$HOME/.local/share/lutris/**
$HOME/.local/share/Trash/**
$HOME/.local/share/uv/**
$HOME/.local/state/**
$HOME/.lmstudio/**
$HOME/.maid/maid.log
$HOME/.mozilla/firefox/*.default-release-backup-crashrecovery-*/**
$HOME/.mozilla/firefox/*.default-release/storage/**
$HOME/.node-gyp/**
$HOME/.npm/**
$HOME/.ollama/**
$HOME/.orbstack/**
$HOME/.pub-cache/**
$HOME/.rustup/**
$HOME/.serena/logs/**
$HOME/.steam/debian-installation/**
$HOME/.vim/plugged/**
$HOME/.zsh_sessions/**
$HOME/Dropbox/**
$HOME/GPUCache/**
$HOME/Games/Sony PlayStation/**
$HOME/OrbStack/**
$HOME/Slack/logs/**
$HOME/dust/**
$HOME/dust_tmp/**
$HOME/dustbin/**
$HOME/file-cache/**
$HOME/gcloud/logs/**
$HOME/src/**/tmp/**
$HOME/src/erebusbat/**/.git/**
$HOME/src/erebusbat/image-marker/imgs/**
$HOME/src/erebusbat/pchef76/local-mode-cache/**
$HOME/src/erebusbat/pchef76/nodes/**
$HOME/src/erebusbat/pchef76/tmp/**
$HOME/src/fetlife/**
$HOME/src/guest/**
$HOME/src/sie/**
$HOME/synergy.log*

#
# MacOSX
#
**/.DS_Store
**/.localized
**/.Trash/**
**/Caches/**
**/Cache/**
**/Code Cache/**
**/Crash Reports/**

$HOME/Documents/DownloadsToKeep/amiga/**
$HOME/Documents/DownloadsToKeep/Apps/**
$HOME/Downloads/**
$HOME/go/pkg/**
$HOME/iCloud Drive (Archive)/**
$HOME/Library/.dash_yard/**
$HOME/Library/Accessibility/**
$HOME/Library/Accounts/**
$HOME/Library/AppleMediaServices/**
$HOME/Library/Application Support/**/com.microsoft.appcenter/**
$HOME/Library/Application Support/AddressBook/**
$HOME/Library/Application Support/Animoji/**
$HOME/Library/Application Support/CallHistoryDB/**
$HOME/Library/Application Support/CallHistoryTransactions/**
$HOME/Library/Application Support/Claude/**
$HOME/Library/Application Support/CloudDocs/**
$HOME/Library/Application Support/com.apple.ap.promotedcontentd/**
$HOME/Library/Application Support/com.apple.ap.sbd/**
$HOME/Library/Application Support/com.apple.avfoundation/**
$HOME/Library/Application Support/com.apple.sharedfilelist/**
$HOME/Library/Application Support/com.apple.spotlight/**
$HOME/Library/Application Support/com.apple.TCC/**
$HOME/Library/Application Support/com.bugsnag.Bugsnag/**
$HOME/Library/Application Support/com.facebook.archon.developerID/RCTAsyncLocalStorage_V1
$HOME/Library/Application Support/com.raycast.macos/extensions/fa65ad62-dba1-45af-897f-ec6dbcdf4aca/models/**
$HOME/Library/Application Support/CrashReporter/**
$HOME/Library/Application Support/DifferentialPrivacy/**
$HOME/Library/Application Support/discord/**
$HOME/Library/Application Support/Docker Desktop/**
$HOME/Library/Application Support/Dropbox/**
$HOME/Library/Application Support/DropboxElectron/**
$HOME/Library/Application Support/FaceTime/**
$HOME/Library/Application Support/FileProvider/**
$HOME/Library/Application Support/Firefox/Profiles/**/*.sqlite*
$HOME/Library/Application Support/Firefox/Profiles/**/datareporting/**
$HOME/Library/Application Support/Firefox/Profiles/**/saved-telemetery-pings/**
$HOME/Library/Application Support/Firefox/Profiles/**/storage-sync-v2.sqlite*
$HOME/Library/Application Support/Firefox/Profiles/**/storage/**
$HOME/Library/Application Support/Firefox/Profiles/**/support@lastpass.com.xpi
$HOME/Library/Application Support/Firefox/Profiles/**/synced-tabs.db*
$HOME/Library/Application Support/GIMP/**
$HOME/Library/Application Support/Google/Chrome/**
$HOME/Library/Application Support/Hazel/*.hazellock
$HOME/Library/Application Support/iCloud/**
$HOME/Library/Application Support/iMazing/Backups/**
$HOME/Library/Application Support/JetBrains/IntelliJIdea*/plugins/**
$HOME/Library/Application Support/Knowledge/**
$HOME/Library/Application Support/Messenger/**
$HOME/Library/Application Support/Microsoft/Teams/**
$HOME/Library/Application Support/MobileSync/**
$HOME/Library/Application Support/OBSBOT_WebCam/profiler/**
$HOME/Library/Application Support/OBSBOT_WebCam/webcamLogs/**
$HOME/Library/Application Support/obsidian/*Cache/**
$HOME/Library/Application Support/obsidian/blob_storage/**
$HOME/Library/Application Support/obsidian/IndexedDB/**
$HOME/Library/Application Support/obsidian/Local Storage/**
$HOME/Library/Application Support/obsidian/obsidian.log
$HOME/Library/Application Support/obsidian/Service Worker/**
$HOME/Library/Application Support/obsidian/Session Storage/**
$HOME/Library/Application Support/obsidian/Singleton*/**
$HOME/Library/Application Support/obsidian/Web Storage/**
$HOME/Library/Application Support/obsidian/WebStorage/**
$HOME/Library/Application Support/Plexamp/**
$HOME/Library/Application Support/Postman/Crashpad/**
$HOME/Library/Application Support/Postman/logs/**
$HOME/Library/Application Support/qmk/**
$HOME/Library/Application Support/SonosV2/updates/**
$HOME/Library/Application Support/Spotify/PersistentCache/**
$HOME/Library/Application Support/SyncServices/**
$HOME/Library/Application Support/Todoist/**
$HOME/Library/Application Support/zoom.us/**
$HOME/Library/Assistant/**
$HOME/Library/Autosave Information/**
$HOME/Library/Biome/**
$HOME/Library/Caches/**
$HOME/Library/Calendars/**
$HOME/Library/CloudStorage/Dropbox/**
$HOME/Library/com.apple.aiml.instrumentation/**
$HOME/Library/com.apple.icloud.searchpartyd/**
$HOME/Library/ContainerManager/**
$HOME/Library/Containers/**
$HOME/Library/Cookies/**
$HOME/Library/CoreFollowUp/**
$HOME/Library/Daemon Containers/**
$HOME/Library/DoNotDisturb/**
$HOME/Library/DuetExpertCenter/**
$HOME/Library/Finance/**
$HOME/Library/Google/GoogleSoftwareUpdate/**
$HOME/Library/Google/GoogleSoftwareUpdate/Stats/**
$HOME/Library/Group Containers/**
$HOME/Library/Group Containers/group.com.apple.secure-control-center-preferences/**
$HOME/Library/HomeKit/**
$HOME/Library/HTTPStorages/**
$HOME/Library/IdentityService/**
$HOME/Library/IdentityServices/**
$HOME/Library/IntelligencePlatform/**
$HOME/Library/Intents/**
$HOME/Library/LanguageModeling/**
$HOME/Library/Logs/**
$HOME/Library/Mail/**
$HOME/Library/Messages/**
$HOME/Library/Messages/*Cache/**
$HOME/Library/Metadata/**
$HOME/Library/News/**
$HOME/Library/PersonalizationPortrait/**
$HOME/Library/Photos/Libraries/Syndication.photoslibrary/**
$HOME/Library/Preferences/com.apple.AddressBook.plist
$HOME/Library/Preferences/com.apple.homed.notbackedup.plist
$HOME/Library/Preferences/com.apple.homed.plist
$HOME/Library/Preferences/com.apple.mail-shared.plist
$HOME/Library/Preferences/com.apple.messages.pinning.plist
$HOME/Library/Preferences/com.apple.MobileSMS*.*
$HOME/Library/QuickLook/**
$HOME/Library/Reminders/**
$HOME/Library/ResponseKit/**
$HOME/Library/Safari/**
$HOME/Library/Saved Application State/**
$HOME/Library/Sharing/**
$HOME/Library/Shortcuts/**
$HOME/Library/StatusKit/**
$HOME/Library/Suggestions/**
$HOME/Library/Translation/**
$HOME/Library/Trial/**
$HOME/Library/Weather/**
$HOME/Library/WebKit/**
$HOME/Movies/**
$HOME/Music/Music/**
$HOME/Pictures/Photos Library.photoslibrary/**


#
# Testing / temporary
#
# Just for testing other items
# $HOME/src
# $HOME/.rbenv
# $HOME/.gem
